line 2: original module name 'm1' expected, got 'm2'
